// Jest Snapshot v1, https://goo.gl/fbAQLP

exports[`/getAccessToken/:region should match snapshot 1`] = `"sample access token"`;
