// Jest Snapshot v1, https://goo.gl/fbAQLP

exports[`/validateAccessToken/:region/:accessToken error response should match snapshot 1`] = `
{
  "error": "Failed to receive Battle.net API data",
}
`;

exports[`/validateAccessToken/:region/:accessToken should match snapshot 1`] = `true`;
